// Jest Snapshot v1, https://goo.gl/fbAQLP

exports[`Main SnapShot 1`] = `
<View>
  <Text>
    Sum!
  </Text>
</View>
`;
